Mono path[0] = '<RUN_WORKSPACE>/.nt/server/valheim_server_Data/Managed'
Mono config path = '<RUN_WORKSPACE>/.nt/server/valheim_server_Data/MonoBleedingEdge/etc'
Failed to open plugin: <RUN_WORKSPACE>/.nt/server/valheim_server_Data/Plugins/libparty.so
Input System module state changed to: Initialized.
[Physics::Module] Initialized fallback backend.
[Physics::Module] Id: 0xdecafbad
Initialize engine version: 6000.0.75f1 (26349cd2a5c8)
[Subsystems] Discovering subsystems at path <RUN_WORKSPACE>/.nt/server/valheim_server_Data/UnitySubsystems
Forcing GfxDevice: Null
GfxDevice: creating device client; kGfxThreadingModeNonThreaded
NullGfxDevice:
    Version:  NULL 1.0 [1.0]
    Renderer: Null Device
    Vendor:   Unity Technologies
Begin MonoManager ReloadAssembly
- Loaded All Assemblies, in  0.024 seconds
- Finished resetting the current domain, in  0.001 seconds
[Physics::Module] Selected backend.
[Physics::Module] Name: PhysX
[Physics::Module] Id: 0xf2b8ea05
[Physics::Module] SDK Version: 4.1.2
[Physics::Module] Integration Version: 1.0.0
[Physics::Module] Threading Mode: Multi-Threaded
[Message:   BepInEx] BepInEx 5.4.23.5 - valheim_server (9/13/2026 9:08:22 PM)
[Message:   BepInEx] User is running BepInExPack Valheim version 5.4.2350 from Thunderstore
[Info   :   BepInEx] Running under Unity vUnknown (post-2017)
[Info   :   BepInEx] CLR runtime version: 4.0.30319.42000
[Info   :   BepInEx] Supports SRE: True
[Info   :   BepInEx] System platform: Bits64, Linux
[Message:   BepInEx] Preloader started
[Info   :   BepInEx] Loaded 1 patcher method from [BepInEx.Preloader 5.4.23.5]
[Info   :   BepInEx] 1 patcher plugin loaded
[Info   :   BepInEx] Patching [UnityEngine.CoreModule] with [BepInEx.Chainloader]
[Message:   BepInEx] Preloader finished
UnloadTime: 0.193214 ms
09/13/2026 22:26:01: Set background loading budget to Low
09/13/2026 22:26:01: Loading first scene!
09/13/2026 22:26:01: Preferences initialized! Activating first scene!
Unloading 4 Unused Serialized files (Serialized files now loaded: 8)
UnloadTime: 0.021668 ms
09/13/2026 22:26:01: Loading: Starting to load scene: start.unity (169d7618616154c03be07e9ad3af5893)
09/13/2026 22:26:01: Set background loading budget to Normal
09/13/2026 22:26:01: Loaded localization file #0 - 'localization' language: 'English'
09/13/2026 22:26:01: Loaded localization file #1 - 'localization_extra' language: 'English'
09/13/2026 22:26:01: Loaded localization file #2 - 'heightmap_message' language: 'English'
09/13/2026 22:26:01: Loaded localization file #3 - 'localization_witch' language: 'English'
09/13/2026 22:26:01: Loaded localization file #4 - 'localization_ashlands' language: 'English'
09/13/2026 22:26:01: Loaded localization file #5 - 'localization_deepnorth' language: 'English'
09/13/2026 22:26:01: Loaded localization file #6 - 'localization_captions' language: 'English'
09/13/2026 22:26:01: Loaded localization file #7 - 'localization_warriortitles' language: 'English'
09/13/2026 22:26:01: Loaded localization file #8 - 'localization_combatupdate' language: 'English'
09/13/2026 22:26:01: Loaded localization file #9 - 'localization_ps' language: 'English'
09/13/2026 22:26:01: Loaded localization file #10 - 'localization_celebrationupdate' language: 'English'
09/13/2026 22:26:01: Loaded localization file #11 - 'localization_xbox' language: 'English'
09/13/2026 22:26:01: Loaded localization file #12 - 'localization_switch' language: 'English'
Unloading 26 unused Assets to reduce memory usage. Loaded Objects now: 3044.
Total: 1.827399 ms (FindLiveObjects: 0.062056 ms CreateObjectMapping: 0.035657 ms MarkObjects: 1.712942 ms  DeleteObjects: 0.016655 ms)

The referenced script on this Behaviour (Game Object '<null>') is missing!
The referenced script on this Behaviour (Game Object '') is missing!
AsyncResourceUpload failed.
AsyncResourceUpload failed.
The referenced script on this Behaviour (Game Object '') is missing!
The referenced script on this Behaviour (Game Object '') is missing!
The referenced script on this Behaviour (Game Object '<null>') is missing!
The referenced script on this Behaviour (Game Object '<null>') is missing!
Unloading 2 Unused Serialized files (Serialized files now loaded: 17)
09/13/2026 22:26:05: Set background loading budget to High
09/13/2026 22:26:05: GPU Device: 0000:0000 (Unknown)
09/13/2026 22:26:05: Loading: Done, Total time: -4.145698
09/13/2026 22:26:18: Set background loading budget to Low
UnloadTime: 16.410048 ms
HDR Render Texture not supported, disabling HDR on reflection probe.
This custom render path shader needs to have at least 1 passes.
Could not find material Hidden/VideoDecode. Make sure the Video shaders are included in your build, in the Built-in Shader Settings section of the Graphics Settings.
Could not find video decode shader pass YCbCr_To_RGB1 in shader <not found>
Could not find video decode shader pass YCbCrA_To_RGBAFull in shader <not found>
Could not find video decode shader pass YCbCrA_To_RGBA in shader <not found>
Could not find video decode shader pass Flip_RGBA_To_RGBA in shader <not found>
Could not find video decode shader pass Flip_RGBASplit_To_RGBA in shader <not found>
This custom render path shader needs to have at least 1 passes.
Could not find material Hidden/VideoComposite. Make sure the Video shaders are included in your build, in the Built-in Shader Settings section of the Graphics Settings.
Could not find video decode shader pass Default in shader <not found>
09/13/2026 22:26:18: Missing audio clip in music respawn
OnGUI function detected on MonoBehaviour, but not called, because IMGUI module is stripped.
09/13/2026 22:26:18: Setting -savedir to: <RUN_WORKSPACE>/.nt/saves
09/13/2026 22:26:18: Setting -logfile to: <RUN_WORKSPACE>/.nt/evidence/server-unity.log
09/13/2026 22:26:18: Get create world RenderingCapture
09/13/2026 22:26:18: SaveSystem.Reload for World is done [10ms]
09/13/2026 22:26:18:  creating
09/13/2026 22:26:18: Using environment steamid 892970
09/13/2026 22:26:18: Using steam APPID:892970
09/13/2026 22:26:18: Server ID <REDACTED>
09/13/2026 22:26:18: Authentication:k_ESteamNetworkingAvailability_Waiting
09/13/2026 22:26:18: Steam game server initialized
09/13/2026 22:26:18: Valheim version: l-1.0.12 (network version 40)
09/13/2026 22:26:18: Worldgenerator version setup:2
09/13/2026 22:26:18: Console: Valheim l-1.0.12 (network version 40)
09/13/2026 22:26:18: Console: 
09/13/2026 22:26:18: Console: type "help" - for commands
09/13/2026 22:26:18: Console: 
09/13/2026 22:26:18: Render threading mode:SingleThreaded
OnGUI function detected on MonoBehaviour, but not called, because IMGUI module is stripped.
[AmplifyOcclusion] System does not support CopyTexture. CacheAware will be disabled.
09/13/2026 22:26:18: Builder started
09/13/2026 22:26:18: SaveSystem.Reload for Character is done [0ms]
09/13/2026 22:26:18: SaveSystem.Reload for World is done [1ms]
09/13/2026 22:26:18: Failed to play intro cinematic
09/13/2026 22:26:18: Sending PlayFab login request (attempt 1)
09/13/2026 22:26:18: Login postponed until ID has been set.
The shader Hidden/Dof/DepthOfFieldHdr (UnityEngine.Shader) on effect Main Camera (UnityStandardAssets.ImageEffects.DepthOfField) is not supported on this platform!
The image effect Main Camera (UnityStandardAssets.ImageEffects.DepthOfField) has been disabled as it's not supported on the current platform.
The shader Hidden/SunShaftsComposite (UnityEngine.Shader) on effect Main Camera (UnityStandardAssets.ImageEffects.SunShafts) is not supported on this platform!
The shader Hidden/SimpleClear (UnityEngine.Shader) on effect Main Camera (UnityStandardAssets.ImageEffects.SunShafts) is not supported on this platform!
The image effect Main Camera (UnityStandardAssets.ImageEffects.SunShafts) has been disabled as it's not supported on the current platform.
DllNotFoundException: libParty.so assembly:<unknown assembly> type:<unknown type> member:(null)
  at (wrapper managed-to-native) PartyCSharpSDK.Interop.PFPInterop.PartyInitialize(byte[],PartyCSharpSDK.Interop.PARTY_HANDLE&)
  at PartyCSharpSDK.SDK.PartyInitialize (System.String titleId, PartyCSharpSDK.PARTY_HANDLE& handle) [0x00006] in <404aa553a35d4dcb8f3cef585dce8643>:0 
  at PlayFab.Party.PlayFabMultiplayerManager.InitializeImpl () [0x000c4] in <404aa553a35d4dcb8f3cef585dce8643>:0 
  at PlayFab.Party.PlayFabMultiplayerManager._Initialize () [0x0000a] in <404aa553a35d4dcb8f3cef585dce8643>:0 
  at PlayFab.Party.PlayFabMultiplayerManager.Start () [0x00000] in <404aa553a35d4dcb8f3cef585dce8643>:0 

09/13/2026 22:26:18: Starting music menu
Unloading 106004 unused Assets to reduce memory usage. Loaded Objects now: 276469.
Total: 74.159877 ms (FindLiveObjects: 8.540907 ms CreateObjectMapping: 13.173078 ms MarkObjects: 37.779217 ms  DeleteObjects: 14.666496 ms)

The referenced script on this Behaviour (Game Object '<null>') is missing!
The referenced script on this Behaviour (Game Object '<null>') is missing!
The referenced script on this Behaviour (Game Object '<null>') is missing!
The referenced script on this Behaviour (Game Object '<null>') is missing!
The referenced script on this Behaviour (Game Object '<null>') is missing!
The referenced script on this Behaviour (Game Object '<null>') is missing!
The referenced script on this Behaviour (Game Object '<null>') is missing!
Unloading 3 Unused Serialized files (Serialized files now loaded: 20)
UnloadTime: 7.767422 ms
HDR Render Texture not supported, disabling HDR on reflection probe.
HDR Render Texture not supported, disabling HDR on reflection probe.
09/13/2026 22:26:19: Audioman already exist, destroying self
OnGUI function detected on MonoBehaviour, but not called, because IMGUI module is stripped.
09/13/2026 22:26:19: Console: Valheim l-1.0.12 (network version 40)
09/13/2026 22:26:19: Console: 
09/13/2026 22:26:19: Console: type "help" - for commands
09/13/2026 22:26:19: Console: 
09/13/2026 22:26:19: isModded: True
09/13/2026 22:26:19: Zonesystem Awake 17114
09/13/2026 22:26:19: DungeonDB Awake 17114
09/13/2026 22:26:19: Worldgenerator version setup:2
OnGUI function detected on MonoBehaviour, but not called, because IMGUI module is stripped.
09/13/2026 22:26:21: Console: /w [text] - Whisper
09/13/2026 22:26:21: Console: /s [text] - Shout
09/13/2026 22:26:21: Console: /die - Kill yourself
09/13/2026 22:26:21: Console: /resetspawn - Reset spawn point
09/13/2026 22:26:21: Console: /[emote]
09/13/2026 22:26:21: Console: Emotes: wave, sit, challenge, cheer, nonono, thumbsup, point, blowkiss, bow, cower, cry, despair, flex, comehere, headbang, kneel, laugh, roar, shrug, dance, relax, toast, rest, vibe, loveyou
09/13/2026 22:26:21: Console: 
[AmplifyOcclusion] System does not support CopyTexture. CacheAware will be disabled.
Unloading 302 unused Assets to reduce memory usage. Loaded Objects now: 277122.
Total: 63.636143 ms (FindLiveObjects: 6.949507 ms CreateObjectMapping: 8.375498 ms MarkObjects: 48.012296 ms  DeleteObjects: 0.298706 ms)

09/13/2026 22:26:21: Zonesystem Start 17114
09/13/2026 22:26:21: Added 3 locations, 0 vegetations, 0 environments, 0 biome env-setups, 0 clutter  from main
09/13/2026 22:26:21: Added 2 locations, 0 vegetations, 2 environments, 0 biome env-setups, 0 clutter  from main
09/13/2026 22:26:21: Added 27 locations, 25 vegetations, 5 environments, 1 biome env-setups, 3 clutter  from main
09/13/2026 22:26:21: Added 4 locations, 0 vegetations, 1 environments, 0 biome env-setups, 0 clutter  from main
09/13/2026 22:26:21: Added 25 locations, 33 vegetations, 8 environments, 2 biome env-setups, 2 clutter  from main
09/13/2026 22:26:21: Added 25 locations, 35 vegetations, 12 environments, 1 biome env-setups, 2 clutter  from main
09/13/2026 22:26:21: DungeonDB Start 17114
09/13/2026 22:26:21: ZRpc timeout set to 30s 
09/13/2026 22:26:21: Loading: ZNet Start
09/13/2026 22:26:21: Load world: RenderingCapture (RenderingCapture)
09/13/2026 22:26:21:   missing <RUN_WORKSPACE>/.nt/saves/worlds_local/RenderingCapture.db
09/13/2026 22:26:25: Setting up generating loading indicator
The shader Hidden/Dof/DepthOfFieldHdr (UnityEngine.Shader) on effect Main Camera (UnityStandardAssets.ImageEffects.DepthOfField) is not supported on this platform!
The image effect Main Camera (UnityStandardAssets.ImageEffects.DepthOfField) has been disabled as it's not supported on the current platform.
The shader Hidden/SunShaftsComposite (UnityEngine.Shader) on effect Main Camera (UnityStandardAssets.ImageEffects.SunShafts) is not supported on this platform!
The shader Hidden/SimpleClear (UnityEngine.Shader) on effect Main Camera (UnityStandardAssets.ImageEffects.SunShafts) is not supported on this platform!
The image effect Main Camera (UnityStandardAssets.ImageEffects.SunShafts) has been disabled as it's not supported on the current platform.
09/13/2026 22:26:25: Game server connected
[AmplifyOcclusion] GBuffer Normals only available in Camera Deferred Shading mode. Switched to Camera source.
09/13/2026 22:26:25: Loading: Generating locations
09/13/2026 22:26:27: Location GoblinCamp2 took more than 0.5 seconds to place, check spawn conditions to improve! (placed 166 out of 200 with 0)
09/13/2026 22:26:27: Failed to place all GoblinCamp2, placed 166 out of 200 with 0 tries in 00:00:00.8229340
09/13/2026 22:26:28: Location StoneTower3 took more than 0.5 seconds to place, check spawn conditions to improve! (placed 50 out of 50 with 0)
09/13/2026 22:26:30: Location Crypt4 took more than 0.5 seconds to place, check spawn conditions to improve! (placed 198 out of 200 with 0)
09/13/2026 22:26:30: Failed to place all Crypt4, placed 198 out of 200 with 0 tries in 00:00:00.5701710
09/13/2026 22:26:31: Failed to place all ShipSetting01, placed 77 out of 100 with 0 tries in 00:00:00.2923350
09/13/2026 22:26:32: Failed to place all MountainWell1, placed 12 out of 25 with 0 tries in 00:00:00.3498840
09/13/2026 22:26:32: Failed to place all Runestone_Mountains, placed 75 out of 100 with 0 tries in 00:00:00.3273900
09/13/2026 22:26:32: Failed to place all CombatRuin01, placed 2 out of 5 with 0 tries in 00:00:00.1235580
09/13/2026 22:26:33: Failed to place all TarPit1, placed 54 out of 100 with 0 tries in 00:00:00.2842490
09/13/2026 22:26:33: Failed to place all TarPit2, placed 5 out of 16 with 0 tries in 00:00:00.2798900
09/13/2026 22:26:33: Failed to place all TarPit3, placed 95 out of 100 with 0 tries in 00:00:00.2628140
09/13/2026 22:26:34: Failed to place all MountainCave02, placed 114 out of 120 with 0 tries in 00:00:00.2348890
09/13/2026 22:26:35: Failed to place all Mistlands_Giant1, placed 218 out of 250 with 0 tries in 00:00:00.3586660
09/13/2026 22:26:37: Location NorthVillage took more than 0.5 seconds to place, check spawn conditions to improve! (placed 38 out of 135 with 0)
09/13/2026 22:26:37: Failed to place all NorthVillage, placed 38 out of 135 with 0 tries in 00:00:00.6953150
09/13/2026 22:26:38: Failed to place all WoodVillage2, placed 0 out of 15 with 0 tries in 00:00:00.1530650
09/13/2026 22:26:39: Failed to place all StoneTowerRuins08_sunk, placed 6 out of 10 with 0 tries in 00:00:00.2497410
09/13/2026 22:26:39: Failed to place all StoneTowerRuins09_sunk, placed 2 out of 10 with 0 tries in 00:00:00.2411010
09/13/2026 22:26:39: Failed to place all StoneTowerRuins10_sunk, placed 5 out of 10 with 0 tries in 00:00:00.2398980
09/13/2026 22:26:39: Failed to place all SwampHut1_1, placed 26 out of 50 with 0 tries in 00:00:00.2047990
09/13/2026 22:26:40: Failed to place all SwampHut2_1, placed 5 out of 50 with 0 tries in 00:00:00.2051590
09/13/2026 22:26:40: Failed to place all SwampHut3_1, placed 2 out of 50 with 0 tries in 00:00:00.2133560
09/13/2026 22:26:40: Failed to place all GoblinCamp2_1, placed 0 out of 5 with 0 tries in 00:00:00.0118470
09/13/2026 22:26:41: Location GoblinHut01 took more than 0.5 seconds to place, check spawn conditions to improve! (placed 14 out of 30 with 0)
09/13/2026 22:26:41: Failed to place all GoblinHut01, placed 14 out of 30 with 0 tries in 00:00:00.7174980
09/13/2026 22:26:41: Location GoblinHut02 took more than 0.5 seconds to place, check spawn conditions to improve! (placed 4 out of 30 with 0)
09/13/2026 22:26:41: Failed to place all GoblinHut02, placed 4 out of 30 with 0 tries in 00:00:00.7032150
09/13/2026 22:26:42: Location GoblinHut03 took more than 0.5 seconds to place, check spawn conditions to improve! (placed 2 out of 20 with 0)
09/13/2026 22:26:42: Failed to place all GoblinHut03, placed 2 out of 20 with 0 tries in 00:00:00.7134710
09/13/2026 22:26:42: Failed to place all TarPit1_1, placed 2 out of 50 with 0 tries in 00:00:00.2986020
09/13/2026 22:26:43: Failed to place all TarPit2_1, placed 0 out of 20 with 0 tries in 00:00:00.3028610
09/13/2026 22:26:43: Failed to place all TarPit3_1, placed 6 out of 100 with 0 tries in 00:00:00.3053330
09/13/2026 22:26:43: There are 7 that take a long time to generate (over 0.5 sec). Total slow location time is 4.8 seconds that could be saved on world gen!
09/13/2026 22:26:43: Registering lobby
09/13/2026 22:26:43: Opened Steam server
09/13/2026 22:26:43: Loading: Done. Total seconds sinze ZNet start: 22.119501, Genloc duration: 18129.8 ms, (Total genloc time: 00:00:18.2098390, locations: 183, iterations: 0)
09/13/2026 22:28:00: Game - OnApplicationQuit
09/13/2026 22:28:00: Available space to current user: 1694456823808. Saving is blocked if below: 213909504 bytes. Warnings are given if below: 427819008
09/13/2026 22:28:00: Shutting down
09/13/2026 22:28:00: ZNet Shutdown
09/13/2026 22:28:00: GetSaveClonePerChunk. Calculated number of actual chunk files: 1  Number of dirty chunks to save: 1 [1ms]
09/13/2026 22:28:00: PrepareSave: ZDOExtraData.PrepareSave done [3ms]
09/13/2026 22:28:00:  ### Save World Thread Started! ### 
09/13/2026 22:28:00: Considering autobackup for World. World time: 95.19997, short time: 7200, long time: 43200, backup count: 4
09/13/2026 22:28:00: Skipping backup. World session not long enough.
09/13/2026 22:28:00: World save (1/5) Cloud & Backup checks done [0ms] => Save number 1
09/13/2026 22:28:00: World save (2/5) Chunks writing done [95ms]
09/13/2026 22:28:00: World save (3/5) DB2 writing done [32ms]
09/13/2026 22:28:00: World save (4/5) FWL writing done [1ms]
09/13/2026 22:28:00: World save (5/5) done. Total time [133ms]
09/13/2026 22:28:00: Unloading unused assets
Unloading 1 Unused Serialized files (Serialized files now loaded: 20)
09/13/2026 22:28:00: Sending disconnect msg
ZPlayFabMatchmaking::UnregisterServer - unregistering server now. State: Uninitialized
09/13/2026 22:28:00: Disposing socket
09/13/2026 22:28:00: Stopping listening socket
09/13/2026 22:28:00: Last socket, unregistering callback
09/13/2026 22:28:00: ZSteamSocket  UnregisterGlobalCallbacks, existing sockets:0
09/13/2026 22:28:00: Stopping build thread
Unloading 59 unused Assets to reduce memory usage. Loaded Objects now: 278256.
Total: 58.543227 ms (FindLiveObjects: 6.582357 ms CreateObjectMapping: 8.704348 ms MarkObjects: 42.772715 ms  DeleteObjects: 0.483482 ms)

09/13/2026 22:28:03: ZNet OnDestroy
09/13/2026 22:28:03: Net scene destroyed
09/13/2026 22:28:03: Steam manager on destroy
[Physics::Module] Cleanup current backned.
[Physics::Module] Id: 0xf2b8ea05
Input System module state changed to: ShutdownInProgress.
Input System polling thread exited.
Input System module state changed to: Shutdown.
